[backblue.gif]
[fade.gif]
[index.html]
[desktop.fm/favicon.png]
[desktop.fm/desktopfm-og-image.png]
[desktop.fm/index.html]
[desktop.fm/_nuxt/spring.BAPisiKm.css]
[desktop.fm/_nuxt/useTrackEvent.BjKy3C46.css]
[desktop.fm/_nuxt/entry.C9ILDlt7.js]
[desktop.fm/_nuxt/default.Dl8fTfDb.js]
[desktop.fm/_nuxt/_plugin-vue_export-helper.DlAUqK2U.js]
[desktop.fm/_nuxt/index.B-gDzSEs.js]
[desktop.fm/_nuxt/spring.Cpo9cLpY.js]
[desktop.fm/_nuxt/state.CXt5H-WK.js]
[desktop.fm/_nuxt/useTrackEvent.TM2RDTiX.js]
[desktop.fm/_nuxt/chevron-right.Da7ZCV6A.js]
[desktop.fm/_nuxt/devlog.DJnjf0l2.js]
[desktop.fm/_nuxt/nuxt-link.CUKPyyxA.js]
[desktop.fm/_nuxt/error-404.D4-KFzaT.js]
[desktop.fm/_nuxt/error-500.DW4bQowo.js]
[desktop.fm/_nuxt/index.BwARynwU.js]
[desktop.fm/_nuxt/_commonjsHelpers.CZnAS8i4.js]
[desktop.fm/_nuxt/ticker.XS6QYORS.js]
[desktop.fm/spring.Cpo9cLpY.html]
[desktop.fm/_plugin-vue_export-helper.DlAUqK2U.html]
[desktop.fm/spring.BAPisiKm.html]
[desktop.fm/state.CXt5H-WK.html]
[desktop.fm/useTrackEvent.TM2RDTiX.html]
[desktop.fm/useTrackEvent.BjKy3C46.html]
[desktop.fm/chevron-right.Da7ZCV6A.html]
[desktop.fm/index.C8Fx9gmm.html]
[desktop.fm/_slug_.qVxyNkod.html]
[desktop.fm/ticker.XS6QYORS.html]
[desktop.fm/math.DF5odKIs.html]
[desktop.fm/_slug_.DUOV_Hgy.html]
[desktop.fm/DevlogImagesStack.DYzyT4RX.html]
[desktop.fm/DevlogImagesStack.BQAPix-g.html]
[desktop.fm/DevlogMedia.ma7Z6wyE.html]
[desktop.fm/slot.AOusAXV5.html]
[desktop.fm/node.Dnd51l0P.html]
[desktop.fm/DevlogMedia.BBAPapnq.html]
[desktop.fm/DevlogText.CRQ5Cw4m.html]
[desktop.fm/DevlogText.DIzGOhMI.html]
[desktop.fm/DevlogVideo.CYxGrYqp.html]
[desktop.fm/DevlogVideo.BpxRFhHD.html]
[desktop.fm/ContentDoc.D6zzYiCC.html]
[desktop.fm/ContentRenderer.Dl30MG2y.html]
[desktop.fm/ContentRendererMarkdown.vue.Dit3a6Pl.html]
[desktop.fm/index.BsYmvPZw.html]
[desktop.fm/preview.C4tePa4t.html]
[desktop.fm/ContentQuery.0mC2dfIa.html]
[desktop.fm/query.CQ85p3gR.html]
[desktop.fm/ContentList.Z4LwtHp-.html]
[desktop.fm/ContentNavigation.Bed-BS7R.html]
[desktop.fm/nuxt-link.CUKPyyxA.html]
[desktop.fm/ContentRendererMarkdown.UrLd9RUf.html]
[desktop.fm/ContentSlot.DqmrZBkr.html]
[desktop.fm/Markdown.LLgEnVz-.html]
[desktop.fm/ProseCode.DS_tmoBb.html]
[desktop.fm/ProseCode.vue.BV1N5d-C.html]
[desktop.fm/ProsePre.CchFRBtv.html]
[desktop.fm/ProseCodeInline.ByVTt1_6.html]
[desktop.fm/ProsePre.DpB5SoQe.html]
[desktop.fm/ProseA.CT9CbrtF.html]
[desktop.fm/ProseBlockquote.Df_FF7o3.html]
[desktop.fm/ProseEm.C-G6HkqE.html]
[desktop.fm/ProseHr.Bme9moeU.html]
[desktop.fm/ProseLi.ApHcN276.html]
[desktop.fm/ProseOl.CPOSDHlB.html]
[desktop.fm/ProseP.B1JgSufo.html]
[desktop.fm/ProseStrong.CTJGj0ex.html]
[desktop.fm/ProseTable.B0w8laIj.html]
[desktop.fm/ProseTbody.C1K5gX39.html]
[desktop.fm/ProseTd.BZa0ohNi.html]
[desktop.fm/ProseTh.v7RahncV.html]
[desktop.fm/ProseThead.DZuF8xDT.html]
[desktop.fm/ProseTr.dEoBF9We.html]
[desktop.fm/ProseUl.B_NKgs9s.html]
[desktop.fm/default.Dl8fTfDb.html]
[desktop.fm/devlog.DJnjf0l2.html]
[desktop.fm/devlog.YzPCKKZz.html]
[desktop.fm/error-404.D4-KFzaT.html]
[desktop.fm/error-404.CoUbADi5.html]
[desktop.fm/error-500.DW4bQowo.html]
[desktop.fm/entry.C9ILDlt7.html]
[desktop.fm/_commonjsHelpers.CZnAS8i4.html]
[desktop.fm/index.BwARynwU.html]
[desktop.fm/app/landing-card/logo.svg]
[desktop.fm/devlog/dekstopfm-logo.svg]
[desktop.fm/loadGLTF.BVBPyBIu.html]
[desktop.fm/index.D0vLdkHY.html]
[desktop.fm/index.BQK8yL0t.html]
[desktop.fm/index.DxFpcrnQ.html]
[desktop.fm/index.CZ8A29zs.html]
